// Jest Snapshot v1, https://goo.gl/fbAQLP

exports[`SearchNoRes Should match snapshot 1`] = `"<div class=\\"styled__StRoomListItems-sc-19jz83q-0 gtupGQ\\"><div class=\\"styled__StRoom-sc-19jz83q-1 hSYDkG\\"><div><h2></h2><h3></h3></div></div><button id=\\"join_to_game_with_bot\\" name=\\"join_to_game_with_bot\\" type=\\"button\\" height=\\"50px\\" width=\\"200px\\" class=\\"styled__StButton-sc-15atqtm-0 jqhDow\\">join_to_game_with_bot</button></div>"`;
