// Jest Snapshot v1, https://goo.gl/fbAQLP

exports[`SearchNoRes Should match snapshot 1`] = `"<div class=\\"styled__StRoomListItems-sc-19jz83q-0 bLBLIO\\"><div class=\\"styled__StRoom-sc-19jz83q-1 kdFzaY\\"><div><h2>Checkers</h2><h3>KekShrek</h3></div></div><button id=\\"21ue321h3hjk21bh21-asdshjdsad\\" type=\\"button\\" height=\\"50px\\" width=\\"200px\\" class=\\"styled__StButton-sc-15atqtm-0 jqhDow\\">play_with_bot</button></div>"`;
