// Jest Snapshot v1, https://goo.gl/fbAQLP

exports[`SearchNoRes Should match snapshot 1`] = `"<div class=\\"styled__StRoomListItems-sc-19jz83q-0 gtupGQ\\"><p>your_room</p><p></p><button type=\\"button\\" width=\\"150px\\" class=\\"styled__StButton-sc-15atqtm-0 HtFSm\\">play_with_bot</button></div>"`;
