// Jest Snapshot v1, https://goo.gl/fbAQLP

exports[`ControlPanel Should match snapshot 1`] = `"<div class=\\"styled__StControlPanel-sc-17c3c8y-0 cGNAsp\\"><div height=\\"60px\\" class=\\"styled__StInputContainer-sc-153pik-3 bHuQgg\\"><input type=\\"text\\" id=\\"nameOfYourId\\" name=\\"filterByRoomName\\" color=\\"white\\" placeholder=\\"placeholder_search_input\\" class=\\"styled__StInput-sc-153pik-1 ehGRvf\\"/></div><div class=\\"styled__StCreateRoom-sc-17c3c8y-1\\"><button id=\\"create_room\\" name=\\"create_room\\" type=\\"button\\" width=\\"200px\\" class=\\"styled__StButton-sc-15f3n0p-0 fpLSlp\\">create_room</button></div></div>"`;
