// Jest Snapshot v1, https://goo.gl/fbAQLP

exports[`ControlPanel Should match snapshot 1`] = `"<div class=\\"styled__StControlPanel-sc-17c3c8y-0 ftvLLF\\"><div height=\\"60px\\" class=\\"styled__StInputContainer-sc-1hxx3n2-3 jGunPj\\"><input type=\\"text\\" id=\\"nameOfYourId\\" name=\\"filterByRoomName\\" color=\\"white\\" placeholder=\\"placeholder_search_input\\" class=\\"styled__StInput-sc-1hxx3n2-1 fLRxDY\\"/></div><button id=\\"create_room\\" name=\\"create_room\\" type=\\"button\\" height=\\"60px\\" width=\\"100px\\" class=\\"styled__StButton-sc-15atqtm-0 dNhglT\\">create_room</button></div>"`;
