// Jest Snapshot v1, https://goo.gl/fbAQLP

exports[`ControlPanel Should match snapshot 1`] = `"<div class=\\"styled__StControlPanel-sc-17c3c8y-0 hKyXYu\\"><div width=\\"250px\\" height=\\"40px\\" class=\\"styled__StInputContainer-sc-1hxx3n2-3 dNjGES\\"><input type=\\"text\\" id=\\"nameOfYourId\\" name=\\"filterByRoomName\\" color=\\"white\\" placeholder=\\"placeholder_search_input\\" class=\\"styled__StInput-sc-1hxx3n2-1 dkUDVh\\"/></div><button id=\\"create_room\\" name=\\"create_room\\" type=\\"button\\" height=\\"45px\\" width=\\"100px\\" class=\\"styled__StButton-sc-15atqtm-0 gnwPgg\\">create_room</button></div>"`;
