// Jest Snapshot v1, https://goo.gl/fbAQLP

exports[`Nav Should match snapshot 1`] = `"<div class=\\"styled__StNav-sc-ssmv4t-0 bMovpb\\"><img src=\\"/public/assets/images/game-logo.svg\\"/><button id=\\"main-page-btn\\" type=\\"button\\" font-size=\\"18px\\" width=\\"110px\\" class=\\"styled__StLink-sc-dq9w1g-0 AcUgc\\"></button><button id=\\"statistics-btn\\" type=\\"button\\" font-size=\\"18px\\" width=\\"110px\\" class=\\"styled__StLink-sc-dq9w1g-0 AcUgc\\"></button></div>"`;
