// Jest Snapshot v1, https://goo.gl/fbAQLP

exports[`RoomList Should match snapshot 1`] = `"<div class=\\"styled__StRoomList-sc-1u2xsov-0 ekilWs\\"><div class=\\"styled__StControlPanel-sc-1u2xsov-1 jyZVHJ\\"><div class=\\"styled__StControlPanel-sc-17c3c8y-0 cGNAsp\\"><div height=\\"60px\\" class=\\"styled__StInputContainer-sc-153pik-3 bHuQgg\\"><input type=\\"text\\" id=\\"nameOfYourId\\" name=\\"filterByRoomName\\" color=\\"white\\" placeholder=\\"placeholder_search_input\\" class=\\"styled__StInput-sc-153pik-1 ehGRvf\\"/></div><div class=\\"styled__StCreateRoom-sc-17c3c8y-1\\"><button id=\\"create_room\\" name=\\"create_room\\" type=\\"button\\" width=\\"200px\\" class=\\"styled__StButton-sc-15f3n0p-0 fpLSlp\\">create_room</button></div></div></div><div class=\\"styled__StItems-sc-1u2xsov-2 jsuBgQ\\"><div class=\\"styled__StNoResWrapper-sc-dn15ik-0 pTUWO\\"><p class=\\"styled__StNoResTitle-sc-dn15ik-1 JSdxK\\">no_result</p><span class=\\"styled__StNoResText-sc-dn15ik-2 flNXeE\\">try_new</span></div></div></div>"`;
