// Jest Snapshot v1, https://goo.gl/fbAQLP

exports[`HeaderControlPanel Should match snapshot 1`] = `"<div class=\\"styled__StControl-sc-875yq3-0 jmwBsH\\"><p></p> <button id=\\"theme_btn\\" type=\\"button\\" value=\\"light\\" color=\\"#fff\\" font-size=\\"26px\\" height=\\"10vh\\" width=\\"60px\\" class=\\"styled__StButton-sc-15f3n0p-0 isrQUZ\\"></button><button id=\\"theme_btn\\" type=\\"button\\" value=\\"dark\\" color=\\"#fff\\" font-size=\\"26px\\" height=\\"10vh\\" width=\\"60px\\" class=\\"styled__StButton-sc-15f3n0p-0 isrQUZ\\"></button><button id=\\"en\\" type=\\"button\\" value=\\"en\\" color=\\"#fff\\" font-size=\\"26px\\" height=\\"10vh\\" width=\\"60px\\" class=\\"styled__StButton-sc-15f3n0p-0 isrQUZ\\"></button><button id=\\"ru\\" type=\\"button\\" value=\\"ru\\" color=\\"#fff\\" font-size=\\"26px\\" height=\\"10vh\\" width=\\"60px\\" class=\\"styled__StButton-sc-15f3n0p-0 isrQUZ\\"></button></div>"`;
