// Jest Snapshot v1, https://goo.gl/fbAQLP

exports[`HeaderControlPanel Should match snapshot 1`] = `"<div class=\\"styled__StControl-sc-1lhkoni-0 hdTeNn\\"><button id=\\"theme-btn\\" type=\\"button\\" font-size=\\"26px\\" height=\\"40px\\" width=\\"40px\\" class=\\"styled__StButton-sc-15atqtm-0 fbkdJe\\"></button><select width=\\"70px\\" class=\\"styled__StSelect-sc-1hj7ohk-0 gkgfCL\\"><option id=\\"1\\" value=\\"en\\" class=\\"styled__StOption-sc-1hj7ohk-1 iWufHR\\">en</option><option id=\\"2\\" value=\\"ru\\" class=\\"styled__StOption-sc-1hj7ohk-1 iWufHR\\">ru</option></select></div>"`;
