// Jest Snapshot v1, https://goo.gl/fbAQLP

exports[`Header Should match snapshot 1`] = `"<div class=\\"styled__StHeader-sc-1okobp8-0 kQvxmw\\"><div class=\\"styled__StNav-sc-ssmv4t-0 tEpcp\\"><img src=\\"/public/assets/images/game-logo.svg\\"/><button id=\\"main-page-btn\\" type=\\"button\\" font-size=\\"18px\\" width=\\"110px\\" class=\\"styled__StLink-sc-dq9w1g-0 AcUgc\\">main_page</button><button id=\\"statistics-btn\\" type=\\"button\\" font-size=\\"18px\\" width=\\"110px\\" class=\\"styled__StLink-sc-dq9w1g-0 AcUgc\\">statistics</button></div><div class=\\"styled__StControl-sc-1lhkoni-0 hdTeNn\\"><button id=\\"theme-btn\\" type=\\"button\\" font-size=\\"26px\\" height=\\"40px\\" width=\\"40px\\" class=\\"styled__StButton-sc-15atqtm-0 fbkdJe\\"></button><select width=\\"70px\\" class=\\"styled__StSelect-sc-1hj7ohk-0 cLRyNz\\"><option value=\\"en\\" class=\\"styled__StOption-sc-1hj7ohk-1 gzrQPo\\">en</option><option value=\\"ru\\" class=\\"styled__StOption-sc-1hj7ohk-1 gzrQPo\\">ru</option></select></div></div>"`;
